TAP version 13
# Subtest: hectares round to hundredths, including decimal ties; invalid values fail
ok 1 - hectares round to hundredths, including decimal ties; invalid values fail
  ---
  duration_ms: 4.3611
  type: 'test'
  ...
# Subtest: 20 + 30 + 18.29 closes 68.29; partial journeys stay open
ok 2 - 20 + 30 + 18.29 closes 68.29; partial journeys stay open
  ---
  duration_ms: 0.464
  type: 'test'
  ...
# Subtest: out-of-order entries close on the chronological last journey, disabled entries do not count
ok 3 - out-of-order entries close on the chronological last journey, disabled entries do not count
  ---
  duration_ms: 0.2007
  type: 'test'
  ...
# Subtest: allocation rejects excess, duplicate IDs, ambiguous multi-cycle distribution and legacy closure
ok 4 - allocation rejects excess, duplicate IDs, ambiguous multi-cycle distribution and legacy closure
  ---
  duration_ms: 3.1908
  type: 'test'
  ...
# Subtest: manual finalization accepts weather, requires explanation for other
ok 5 - manual finalization accepts weather, requires explanation for other
  ---
  duration_ms: 0.5056
  type: 'test'
  ...
# Subtest: current, historical and strict retroactive reason/description validation
ok 6 - current, historical and strict retroactive reason/description validation
  ---
  duration_ms: 28.8757
  type: 'test'
  ...
# Subtest: local today is evaluated by server in the supplied IANA zone, not server timezone
ok 7 - local today is evaluated by server in the supplied IANA zone, not server timezone
  ---
  duration_ms: 5.1383
  type: 'test'
  ...
# Subtest: historical import/edit/disable/restore leaves every stock column and alert unchanged (legacy)
ok 8 - historical import/edit/disable/restore leaves every stock column and alert unchanged (legacy)
  ---
  duration_ms: 6748.5741
  type: 'test'
  ...
# Subtest: historical import/edit/disable/restore leaves every stock column and alert unchanged (V1)
ok 9 - historical import/edit/disable/restore leaves every stock column and alert unchanged (V1)
  ---
  duration_ms: 2730.4422
  type: 'test'
  ...
# Subtest: completion NORMAL / legacy
ok 10 - completion NORMAL / legacy
  ---
  duration_ms: 2795.1862
  type: 'test'
  ...
# Subtest: completion HISTORICAL / legacy
ok 11 - completion HISTORICAL / legacy
  ---
  duration_ms: 2484.3793
  type: 'test'
  ...
# Subtest: completion NORMAL / V1
ok 12 - completion NORMAL / V1
  ---
  duration_ms: 2629.2101
  type: 'test'
  ...
# Subtest: completion HISTORICAL / V1
ok 13 - completion HISTORICAL / V1
  ---
  duration_ms: 2698.7655
  type: 'test'
  ...
# Subtest: permission, tenant, conflicting retry and partial failure roll back the whole manifest
ok 14 - permission, tenant, conflicting retry and partial failure roll back the whole manifest
  ---
  duration_ms: 2559.3569
  type: 'test'
  ...
# Subtest: manual historical Usage supports edits and toggles with V1 enabled
ok 15 - manual historical Usage supports edits and toggles with V1 enabled
  ---
  duration_ms: 3530.1047
  type: 'test'
  ...
# Subtest: concurrent import retries produce one graph and one audit import
ok 16 - concurrent import retries produce one graph and one audit import
  ---
  duration_ms: 5056.2022
  type: 'test'
  ...
# Subtest: initial stock preparation uses explicit quantities and does not persist balances
ok 17 - initial stock preparation uses explicit quantities and does not persist balances
  ---
  duration_ms: 4150.742
  type: 'test'
  ...
# Subtest: migration preserves existing operational values and leaves company start date unconfigured
ok 18 - migration preserves existing operational values and leaves company start date unconfigured
  ---
  duration_ms: 4461.4151
  type: 'test'
  ...
# Subtest: backup acceptance: 24 Planning / 24 Usage / 25 products / 24 completions / 10 harvests / 12 assignments
ok 19 - backup acceptance: 24 Planning / 24 Usage / 25 products / 24 completions / 10 harvests / 12 assignments
  ---
  duration_ms: 6803.7896
  type: 'test'
  ...
# Subtest: producto e ingreso L
ok 20 - producto e ingreso L
  ---
  duration_ms: 6949.9441
  type: 'test'
  ...
# Subtest: producto e ingreso mL
ok 21 - producto e ingreso mL
  ---
  duration_ms: 32.0348
  type: 'test'
  ...
# Subtest: producto e ingreso kg
ok 22 - producto e ingreso kg
  ---
  duration_ms: 31.9639
  type: 'test'
  ...
# Subtest: producto e ingreso g
ok 23 - producto e ingreso g
  ---
  duration_ms: 26.8232
  type: 'test'
  ...
# Subtest: producto e ingreso unit
ok 24 - producto e ingreso unit
  ---
  duration_ms: 26.9674
  type: 'test'
  ...
# Subtest: producto e ingreso bag
ok 25 - producto e ingreso bag
  ---
  duration_ms: 21.3855
  type: 'test'
  ...
# Subtest: FEFO, ajuste +/− y Usage g
ok 26 - FEFO, ajuste +/− y Usage g
  ---
  duration_ms: 97.7552
  type: 'test'
  ...
# Subtest: FEFO, ajuste +/− y Usage L
ok 27 - FEFO, ajuste +/− y Usage L
  ---
  duration_ms: 86.6154
  type: 'test'
  ...
# Subtest: FEFO, ajuste +/− y Usage kg
ok 28 - FEFO, ajuste +/− y Usage kg
  ---
  duration_ms: 72.7863
  type: 'test'
  ...
# Subtest: FEFO, ajuste +/− y Usage bag
ok 29 - FEFO, ajuste +/− y Usage bag
  ---
  duration_ms: 80.9142
  type: 'test'
  ...
# Subtest: cambio sin historial permitido; historial deshabilitado bloqueado; unidad equivalente conserva literal
ok 30 - cambio sin historial permitido; historial deshabilitado bloqueado; unidad equivalente conserva literal
  ---
  duration_ms: 54.2474
  type: 'test'
  ...
# Subtest: Planning hereda unidad y completion conserva seis decimales en Usage y movimientos
ok 31 - Planning hereda unidad y completion conserva seis decimales en Usage y movimientos
  ---
  duration_ms: 66.2713
  type: 'test'
  ...
# Subtest: catálogo normaliza etiquetas legacy sin convertir magnitud
ok 32 - catálogo normaliza etiquetas legacy sin convertir magnitud
  ---
  duration_ms: 1.9777
  type: 'test'
  ...
# Subtest: FEFO prioriza vencimiento entre partidas g
ok 33 - FEFO prioriza vencimiento entre partidas g
  ---
  duration_ms: 51.6152
  type: 'test'
  ...
# Subtest: FEFO prioriza vencimiento entre partidas L
ok 34 - FEFO prioriza vencimiento entre partidas L
  ---
  duration_ms: 40.8495
  type: 'test'
  ...
# Subtest: FEFO prioriza vencimiento entre partidas bag
ok 35 - FEFO prioriza vencimiento entre partidas bag
  ---
  duration_ms: 64.2251
  type: 'test'
  ...
# Subtest: migración rechaza checks desconocidos y revierte sin tocar datos
ok 36 - migración rechaza checks desconocidos y revierte sin tocar datos
  ---
  duration_ms: 31.4926
  type: 'test'
  ...
# Subtest: Q01: stock=5, usage=2, edit to 20 rejects 409 and rolls back all state
ok 37 - Q01: stock=5, usage=2, edit to 20 rejects 409 and rolls back all state
  ---
  duration_ms: 6194.9872
  type: 'test'
  ...
# Subtest: Q01: insufficient replacement product cannot leave refund behind
ok 38 - Q01: insufficient replacement product cannot leave refund behind
  ---
  duration_ms: 19.5191
  type: 'test'
  ...
# Subtest: Q01: unit mismatch leaves complete state unchanged
ok 39 - Q01: unit mismatch leaves complete state unchanged
  ---
  duration_ms: 29.2703
  type: 'test'
  ...
# Subtest: Q01: foreign lot leaves complete state unchanged
ok 40 - Q01: foreign lot leaves complete state unchanged
  ---
  duration_ms: 27.133
  type: 'test'
  ...
# Subtest: Q01: foreign product leaves complete state unchanged
ok 41 - Q01: foreign product leaves complete state unchanged
  ---
  duration_ms: 22.1423
  type: 'test'
  ...
# Subtest: Q01: foreign responsible leaves complete state unchanged
ok 42 - Q01: foreign responsible leaves complete state unchanged
  ---
  duration_ms: 20.7586
  type: 'test'
  ...
# Subtest: Q01: invalid amount leaves complete state unchanged
ok 43 - Q01: invalid amount leaves complete state unchanged
  ---
  duration_ms: 12.2183
  type: 'test'
  ...
# Subtest: Q01: rollback after injected /UPDATE products/
ok 44 - Q01: rollback after injected /UPDATE products/
  ---
  duration_ms: 18.2776
  type: 'test'
  ...
# Subtest: Q01: rollback after injected /DELETE FROM usage_lots/
ok 45 - Q01: rollback after injected /DELETE FROM usage_lots/
  ---
  duration_ms: 24.9473
  type: 'test'
  ...
# Subtest: Q01: rollback after injected /INSERT INTO usage_lots/
ok 46 - Q01: rollback after injected /INSERT INTO usage_lots/
  ---
  duration_ms: 26.9559
  type: 'test'
  ...
# Subtest: Q01: rollback after injected /UPDATE usage_records/
ok 47 - Q01: rollback after injected /UPDATE usage_records/
  ---
  duration_ms: 25.7129
  type: 'test'
  ...
# Subtest: Q01: rollback after injected /SELECT DISTINCT crop_id/
ok 48 - Q01: rollback after injected /SELECT DISTINCT crop_id/
  ---
  duration_ms: 15.4766
  type: 'test'
  ...
# Subtest: Q01: product + unit + quantity + lots commit together; identical retry has zero delta
ok 49 - Q01: product + unit + quantity + lots commit together; identical retry has zero delta
  ---
  duration_ms: 34.0335
  type: 'test'
  ...
# Subtest: Q02: disable persistence failure and retries leave exact state
ok 50 - Q02: disable persistence failure and retries leave exact state
  ---
  duration_ms: 34.7417
  type: 'test'
  ...
# Subtest: Q02: restore persistence failure and retries leave exact state
ok 51 - Q02: restore persistence failure and retries leave exact state
  ---
  duration_ms: 47.5486
  type: 'test'
  ...
# Subtest: Q02: restore with insufficient stock rolls back enabled and quantity
ok 52 - Q02: restore with insufficient stock rolls back enabled and quantity
  ---
  duration_ms: 18.4568
  type: 'test'
  ...
# Subtest: Q02: simultaneous double submit is serialized, one transition and one replay
ok 53 - Q02: simultaneous double submit is serialized, one transition and one replay
  ---
  duration_ms: 34.4295
  type: 'test'
  ...
# Subtest: Q03: another company cannot edit, disable or restore a Usage
ok 54 - Q03: another company cannot edit, disable or restore a Usage
  ---
  duration_ms: 18.5849
  type: 'test'
  ...
# Subtest: automatic Usage remains protected; disabled Usage cannot be edited
ok 55 - automatic Usage remains protected; disabled Usage cannot be edited
  ---
  duration_ms: 22.3967
  type: 'test'
  ...
# Subtest: Q01 original probe through controller: 409, usage 2 and stock 5
ok 56 - Q01 original probe through controller: 409, usage 2 and stock 5
  ---
  duration_ms: 52.7752
  type: 'test'
  ...
# {"case":"LEGACY_EDIT_INSUFFICIENT","status":409,"usage":2,"stock":5}
# Subtest: Q02 original probe through controller: two storage failures never reintegrate stock
ok 57 - Q02 original probe through controller: two storage failures never reintegrate stock
  ---
  duration_ms: 25.6946
  type: 'test'
  ...
# {"case":"LEGACY_DISABLE_RETRY_AFTER_FAILURE","usageEnabled":true,"stock":5}
# Subtest: post-commit notification failure does not turn a committed mutation into a failed request
ok 58 - post-commit notification failure does not turn a committed mutation into a failed request
  ---
  duration_ms: 13.8172
  type: 'test'
  ...
# Subtest: V1 dispatch and edit/enable rejection remain unchanged
ok 59 - V1 dispatch and edit/enable rejection remain unchanged
  ---
  duration_ms: 20.7115
  type: 'test'
  ...
# 🟢 postgres.js conectado a aws-1-us-east-1.pooler.supabase.com
# Subtest: Q03 harvestRecords GET /stats/filters: role/custom permission matrix
ok 60 - Q03 harvestRecords GET /stats/filters: role/custom permission matrix
  ---
  duration_ms: 2.2253
  type: 'test'
  ...
# Subtest: Q03 harvestRecords GET /stats/summary: role/custom permission matrix
ok 61 - Q03 harvestRecords GET /stats/summary: role/custom permission matrix
  ---
  duration_ms: 0.3519
  type: 'test'
  ...
# Subtest: Q03 harvestRecords GET /stats/by-crop: role/custom permission matrix
ok 62 - Q03 harvestRecords GET /stats/by-crop: role/custom permission matrix
  ---
  duration_ms: 0.2741
  type: 'test'
  ...
# Subtest: Q03 harvestRecords GET /stats/by-campaign: role/custom permission matrix
ok 63 - Q03 harvestRecords GET /stats/by-campaign: role/custom permission matrix
  ---
  duration_ms: 0.1643
  type: 'test'
  ...
# Subtest: Q03 harvestRecords GET /: role/custom permission matrix
ok 64 - Q03 harvestRecords GET /: role/custom permission matrix
  ---
  duration_ms: 0.1865
  type: 'test'
  ...
# Subtest: Q03 harvestRecords GET /:id: role/custom permission matrix
ok 65 - Q03 harvestRecords GET /:id: role/custom permission matrix
  ---
  duration_ms: 0.1197
  type: 'test'
  ...
# Subtest: Q03 harvestRecords GET /disabled: role/custom permission matrix
ok 66 - Q03 harvestRecords GET /disabled: role/custom permission matrix
  ---
  duration_ms: 0.156
  type: 'test'
  ...
# Subtest: Q03 harvestRecords POST /: role/custom permission matrix
ok 67 - Q03 harvestRecords POST /: role/custom permission matrix
  ---
  duration_ms: 0.1755
  type: 'test'
  ...
# {"case":"HARVEST_EMPLOYEE_NO_PERMISSION_REACHES_CREATE","status":403,"controllerReached":false}
# Subtest: Q03 harvestRecords PUT /:id: role/custom permission matrix
ok 68 - Q03 harvestRecords PUT /:id: role/custom permission matrix
  ---
  duration_ms: 0.8264
  type: 'test'
  ...
# Subtest: Q03 harvestRecords PATCH /:id/disable: role/custom permission matrix
ok 69 - Q03 harvestRecords PATCH /:id/disable: role/custom permission matrix
  ---
  duration_ms: 0.7984
  type: 'test'
  ...
# Subtest: Q03 harvestRecords PATCH /:id/enable: role/custom permission matrix
ok 70 - Q03 harvestRecords PATCH /:id/enable: role/custom permission matrix
  ---
  duration_ms: 0.3805
  type: 'test'
  ...
# Subtest: Q03 harvestRecords GET /context: role/custom permission matrix
ok 71 - Q03 harvestRecords GET /context: role/custom permission matrix
  ---
  duration_ms: 0.1884
  type: 'test'
  ...
# Subtest: Q03 harvestRecords POST /cycles/:assignmentId/finalize: role/custom permission matrix
ok 72 - Q03 harvestRecords POST /cycles/:assignmentId/finalize: role/custom permission matrix
  ---
  duration_ms: 0.369
  type: 'test'
  ...
# Subtest: Q03 usage GET /: role/custom permission matrix
ok 73 - Q03 usage GET /: role/custom permission matrix
  ---
  duration_ms: 0.1292
  type: 'test'
  ...
# Subtest: Q03 usage GET /disabled: role/custom permission matrix
ok 74 - Q03 usage GET /disabled: role/custom permission matrix
  ---
  duration_ms: 0.0867
  type: 'test'
  ...
# Subtest: Q03 usage POST /: role/custom permission matrix
ok 75 - Q03 usage POST /: role/custom permission matrix
  ---
  duration_ms: 0.0707
  type: 'test'
  ...
# Subtest: Q03 usage PUT /:id: role/custom permission matrix
ok 76 - Q03 usage PUT /:id: role/custom permission matrix
  ---
  duration_ms: 0.3247
  type: 'test'
  ...
# Subtest: Q03 usage DELETE /:id: role/custom permission matrix
ok 77 - Q03 usage DELETE /:id: role/custom permission matrix
  ---
  duration_ms: 0.2806
  type: 'test'
  ...
# Subtest: Q03 usage PUT /enable/:id: role/custom permission matrix
ok 78 - Q03 usage PUT /enable/:id: role/custom permission matrix
  ---
  duration_ms: 0.2548
  type: 'test'
  ...
# Subtest: Q03 vehicle GET /: role/custom permission matrix
ok 79 - Q03 vehicle GET /: role/custom permission matrix
  ---
  duration_ms: 0.1282
  type: 'test'
  ...
# Subtest: Q03 vehicle GET /:id: role/custom permission matrix
ok 80 - Q03 vehicle GET /:id: role/custom permission matrix
  ---
  duration_ms: 0.0755
  type: 'test'
  ...
# Subtest: Q03 vehicle GET /disabled: role/custom permission matrix
ok 81 - Q03 vehicle GET /disabled: role/custom permission matrix
  ---
  duration_ms: 0.0738
  type: 'test'
  ...
# Subtest: Q03 vehicle POST /: role/custom permission matrix
ok 82 - Q03 vehicle POST /: role/custom permission matrix
  ---
  duration_ms: 0.0703
  type: 'test'
  ...
# Subtest: Q03 vehicle PATCH /:id: role/custom permission matrix
ok 83 - Q03 vehicle PATCH /:id: role/custom permission matrix
  ---
  duration_ms: 0.0849
  type: 'test'
  ...
# Subtest: Q03 vehicle DELETE /:id: role/custom permission matrix
ok 84 - Q03 vehicle DELETE /:id: role/custom permission matrix
  ---
  duration_ms: 0.0739
  type: 'test'
  ...
# Subtest: Q03 vehicle PUT /enable/:id: role/custom permission matrix
ok 85 - Q03 vehicle PUT /enable/:id: role/custom permission matrix
  ---
  duration_ms: 0.0695
  type: 'test'
  ...
# Subtest: Q03 planning GET /: role/custom permission matrix
ok 86 - Q03 planning GET /: role/custom permission matrix
  ---
  duration_ms: 0.1058
  type: 'test'
  ...
# Subtest: Q03 planning GET /:id: role/custom permission matrix
ok 87 - Q03 planning GET /:id: role/custom permission matrix
  ---
  duration_ms: 0.0694
  type: 'test'
  ...
# Subtest: Q03 planning GET /disabled: role/custom permission matrix
ok 88 - Q03 planning GET /disabled: role/custom permission matrix
  ---
  duration_ms: 0.0676
  type: 'test'
  ...
# Subtest: Q03 planning POST /: role/custom permission matrix
ok 89 - Q03 planning POST /: role/custom permission matrix
  ---
  duration_ms: 0.1265
  type: 'test'
  ...
# Subtest: Q03 planning PATCH /:id: role/custom permission matrix
ok 90 - Q03 planning PATCH /:id: role/custom permission matrix
  ---
  duration_ms: 0.3084
  type: 'test'
  ...
# Subtest: Q03 planning POST /:id/complete-work: role/custom permission matrix
ok 91 - Q03 planning POST /:id/complete-work: role/custom permission matrix
  ---
  duration_ms: 0.3098
  type: 'test'
  ...
# Subtest: Q03 planning POST /:id/complete-sowing: role/custom permission matrix
ok 92 - Q03 planning POST /:id/complete-sowing: role/custom permission matrix
  ---
  duration_ms: 0.2698
  type: 'test'
  ...
# Subtest: Q03 planning PUT /enable/:id: role/custom permission matrix
ok 93 - Q03 planning PUT /enable/:id: role/custom permission matrix
  ---
  duration_ms: 0.2833
  type: 'test'
  ...
# Subtest: Q03 planning DELETE /:id: role/custom permission matrix
ok 94 - Q03 planning DELETE /:id: role/custom permission matrix
  ---
  duration_ms: 0.2669
  type: 'test'
  ...
# Subtest: Q03 planning POST /register-completed: role/custom permission matrix
ok 95 - Q03 planning POST /register-completed: role/custom permission matrix
  ---
  duration_ms: 0.0717
  type: 'test'
  ...
# Subtest: Q03 harvest context also accepts edit alone
ok 96 - Q03 harvest context also accepts edit alone
  ---
  duration_ms: 0.1026
  type: 'test'
  ...
# Subtest: Q03 harvestRecords {"includeDisabled":"true"} cannot bypass view_disabled
ok 97 - Q03 harvestRecords {"includeDisabled":"true"} cannot bypass view_disabled
  ---
  duration_ms: 0.1326
  type: 'test'
  ...
# Subtest: Q03 harvestRecords {"onlyDisabled":"true"} cannot bypass view_disabled
ok 98 - Q03 harvestRecords {"onlyDisabled":"true"} cannot bypass view_disabled
  ---
  duration_ms: 0.0718
  type: 'test'
  ...
# Subtest: Q03 usage {"includeDisabled":"true"} cannot bypass view_disabled
ok 99 - Q03 usage {"includeDisabled":"true"} cannot bypass view_disabled
  ---
  duration_ms: 0.0767
  type: 'test'
  ...
# Subtest: Q03 planning {"includeDisabled":"true"} cannot bypass view_disabled
ok 100 - Q03 planning {"includeDisabled":"true"} cannot bypass view_disabled
  ---
  duration_ms: 0.0746
  type: 'test'
  ...
# Subtest: Q03 vehicle {"includeDisabled":"true"} cannot bypass view_disabled
ok 101 - Q03 vehicle {"includeDisabled":"true"} cannot bypass view_disabled
  ---
  duration_ms: 0.0885
  type: 'test'
  ...
# Subtest: Q03 tenant middleware rejects missing/invalid company without reaching private routes
ok 102 - Q03 tenant middleware rejects missing/invalid company without reaching private routes
  ---
  duration_ms: 19.7759
  type: 'test'
  ...
# Subtest: Q03 harvest mutations scope the locked record to the authenticated company
ok 103 - Q03 harvest mutations scope the locked record to the authenticated company
  ---
  duration_ms: 7.3358
  type: 'test'
  ...
# Subtest: Q03 harvestRecords: disabled detail requires view_disabled and foreign record returns 404
ok 104 - Q03 harvestRecords: disabled detail requires view_disabled and foreign record returns 404
  ---
  duration_ms: 3.2302
  type: 'test'
  ...
# Subtest: Q03 vehicle: disabled detail requires view_disabled and foreign record returns 404
ok 105 - Q03 vehicle: disabled detail requires view_disabled and foreign record returns 404
  ---
  duration_ms: 87.8581
  type: 'test'
  ...
# Subtest: Q03 planning: disabled detail requires view_disabled and foreign record returns 404
ok 106 - Q03 planning: disabled detail requires view_disabled and foreign record returns 404
  ---
  duration_ms: 50.5643
  type: 'test'
  ...
# Subtest: campañas: nombre real, orden por fecha, IDs separados y filtros compatibles
ok 107 - campañas: nombre real, orden por fecha, IDs separados y filtros compatibles
  ---
  duration_ms: 4176.8296
  type: 'test'
  ...
# Subtest: migration, sequential partials, excess rollback, disable/enable and update recalculate
ok 108 - migration, sequential partials, excess rollback, disable/enable and update recalculate
  ---
  duration_ms: 2780.3101
  type: 'test'
  ...
# Subtest: out of order closes on 20 June; reopening with later cycle rolls back
ok 109 - out of order closes on 20 June; reopening with later cycle rolls back
  ---
  duration_ms: 2421.8802
  type: 'test'
  ...
# Subtest: manual finalization stores reason, actor and 8.29 pending snapshot; new harvest rejected
ok 110 - manual finalization stores reason, actor and 8.29 pending snapshot; new harvest rejected
  ---
  duration_ms: 2609.7199
  type: 'test'
  ...
# Subtest: legacy closures and quantities preserved; unsafe precision migration aborts
ok 111 - legacy closures and quantities preserved; unsafe precision migration aborts
  ---
  duration_ms: 2393.9792
  type: 'test'
  ...
# Subtest: reactivation rejects when another journey consumed the available area
ok 112 - reactivation rejects when another journey consumed the available area
  ---
  duration_ms: 3246.5536
  type: 'test'
  ...
# Subtest: multiple assignments require a known allocation; each cycle counts only its share
ok 113 - multiple assignments require a known allocation; each cycle counts only its share
  ---
  duration_ms: 4426.481
  type: 'test'
  ...
# Subtest: migration refuses ambiguous legacy allocation without changing schema or amounts
ok 114 - migration refuses ambiguous legacy allocation without changing schema or amounts
  ---
  duration_ms: 4179.3628
  type: 'test'
  ...
# Subtest: manual closure snapshot remains immutable after correcting or disabling a journey
ok 115 - manual closure snapshot remains immutable after correcting or disabling a journey
  ---
  duration_ms: 3799.8495
  type: 'test'
  ...
# Subtest: V1 registration persists provenance, rejects invalid requests and preserves unknown legacy
ok 116 - V1 registration persists provenance, rejects invalid requests and preserves unknown legacy
  ---
  duration_ms: 4469.4599
  type: 'test'
  ...
# Subtest: V1 current harvest uses local today and stores explicit false provenance
ok 117 - V1 current harvest uses local today and stores explicit false provenance
  ---
  duration_ms: 3826.8832
  type: 'test'
  ...
# Subtest: clean database: repository migrations expose missing historical baseline (not silently repaired)
ok 118 - clean database: repository migrations expose missing historical baseline (not silently repaired)
  ---
  duration_ms: 2194.5824
  type: 'test'
  ...
# Clean install blocked: base users/products/lots/planning/usage/inventory schema is not created by the repository migration chain.
# Subtest: legacy migration and historical spatial chain preserve quantities, mode defaults, EWKB, SRID and layout identity
ok 119 - legacy migration and historical spatial chain preserve quantities, mode defaults, EWKB, SRID and layout identity
  ---
  duration_ms: 1792.0028
  type: 'test'
  ...
# {"geometry_rows":3,"ewkb_identical":true,"srid":4326,"fks":77,"checks":67}
# Subtest: real concurrent sessions: retry, different-key opening and receipt race never produce duplicate or partial opening
ok 120 - real concurrent sessions: retry, different-key opening and receipt race never produce duplicate or partial opening
  ---
  duration_ms: 1328.7827
  type: 'test'
  ...
# {"scenario":"same-key","results":["ok","ok"],"openings":1,"balance":"10.000000"}
# {"scenario":"different-key","results":["ok",409],"openings":1,"balance":"10.000000"}
# {"scenario":"receipt","results":["ok","ok"],"openings":1,"balance":"15.000000"}
# Subtest: una partida, saldo exacto y legacy no se sobrescribe
ok 121 - una partida, saldo exacto y legacy no se sobrescribe
  ---
  duration_ms: 5676.106
  type: 'test'
  ...
# Subtest: varias partidas: FEFO, desempate ingreso, NULL al final, vencidas y disabled fuera
ok 122 - varias partidas: FEFO, desempate ingreso, NULL al final, vencidas y disabled fuera
  ---
  duration_ms: 399.4095
  type: 'test'
  ...
# Subtest: insuficiente revierte todo y no permite saldo negativo
ok 123 - insuficiente revierte todo y no permite saldo negativo
  ---
  duration_ms: 133.7061
  type: 'test'
  ...
# Subtest: idempotencia consumo y conflicto de payload
ok 124 - idempotencia consumo y conflicto de payload
  ---
  duration_ms: 126.016
  type: 'test'
  ...
# Subtest: ingreso idempotente conserva una partida y rechaza cambio de fecha/precio
ok 125 - ingreso idempotente conserva una partida y rechaza cambio de fecha/precio
  ---
  duration_ms: 97.2959
  type: 'test'
  ...
# Subtest: fallo en segundo movimiento revierte también el primer débito
ok 126 - fallo en segundo movimiento revierte también el primer débito
  ---
  duration_ms: 141.0867
  type: 'test'
  ...
# Subtest: reversión devuelve a originales aunque ahora estén bloqueadas; doble reversión impedida
ok 127 - reversión devuelve a originales aunque ahora estén bloqueadas; doble reversión impedida
  ---
  duration_ms: 240.9147
  type: 'test'
  ...
# Subtest: movimientos inmutables y FK de empresa/unidad protegidas
ok 128 - movimientos inmutables y FK de empresa/unidad protegidas
  ---
  duration_ms: 117.6413
  type: 'test'
  ...
# Subtest: reversión de operación ajena no es accesible
ok 129 - reversión de operación ajena no es accesible
  ---
  duration_ms: 76.1782
  type: 'test'
  ...
# Subtest: manual Usage integra creación/lotes/descuento en la misma transacción e idempotencia
ok 130 - manual Usage integra creación/lotes/descuento en la misma transacción e idempotencia
  ---
  duration_ms: 102.4519
  type: 'test'
  ...
# Subtest: fallo de Usage o lote de otra empresa revierte registro, lotes y movimientos
ok 131 - fallo de Usage o lote de otra empresa revierte registro, lotes y movimientos
  ---
  duration_ms: 54.797
  type: 'test'
  ...
# Subtest: Planning invoca mismo FEFO, reparto y completion sin tocar saldo legacy
ok 132 - Planning invoca mismo FEFO, reparto y completion sin tocar saldo legacy
  ---
  duration_ms: 85.4078
  type: 'test'
  ...
# Subtest: Planning insuficiente revierte efectos previos de la transacción
ok 133 - Planning insuficiente revierte efectos previos de la transacción
  ---
  duration_ms: 62.6601
  type: 'test'
  ...
# Subtest: apertura excluye Finesse, disabled, revisión, sin aprobación y otra empresa
ok 134 - apertura excluye Finesse, disabled, revisión, sin aprobación y otra empresa
  ---
  duration_ms: 4.0415
  type: 'test'
  ...
# Subtest: apertura explícita usa disponible aprobado, no total ni usos históricos
ok 135 - apertura explícita usa disponible aprobado, no total ni usos históricos
  ---
  duration_ms: 45.672
  type: 'test'
  ...
# Subtest: purchase y return requieren fecha, legacy y adjustment permiten NULL u omisión
ok 136 - purchase y return requieren fecha, legacy y adjustment permiten NULL u omisión
  ---
  duration_ms: 197.9894
  type: 'test'
  ...
# Subtest: fechas suministradas siguen siendo válidas y no futuras para todos los orígenes
ok 137 - fechas suministradas siguen siendo válidas y no futuras para todos los orígenes
  ---
  duration_ms: 29.4695
  type: 'test'
  ...
# Subtest: CHECK de DB impide NULL en compras/devoluciones y lo admite en legacy/ajustes
ok 138 - CHECK de DB impide NULL en compras/devoluciones y lo admite en legacy/ajustes
  ---
  duration_ms: 13.7459
  type: 'test'
  ...
# Subtest: FEFO prioriza vencimiento, desempata fecha conocida antes de NULL y finalmente id
ok 139 - FEFO prioriza vencimiento, desempata fecha conocida antes de NULL y finalmente id
  ---
  duration_ms: 159.5257
  type: 'test'
  ...
# Subtest: legacy conserva solo la fecha física verificada por producto y no exige fecha de corrida
ok 140 - legacy conserva solo la fecha física verificada por producto y no exige fecha de corrida
  ---
  duration_ms: 62.6442
  type: 'test'
  ...
# Subtest: idempotencia normaliza fecha omitida y NULL, pero detecta fecha distinta
ok 141 - idempotencia normaliza fecha omitida y NULL, pero detecta fecha distinta
  ---
  duration_ms: 38.8459
  type: 'test'
  ...
# Subtest: desactivado conserva legacy y activado sin partidas expone cero; lectura deriva partidas
ok 142 - desactivado conserva legacy y activado sin partidas expone cero; lectura deriva partidas
  ---
  duration_ms: 61.4393
  type: 'test'
  ...
# Subtest: precisión, fechas inválidas y umbral unificado
ok 143 - precisión, fechas inválidas y umbral unificado
  ---
  duration_ms: 0.8481
  type: 'test'
  ...
# Subtest: ajustes positivos auditados, NULL, replay y conflictos
ok 144 - ajustes positivos auditados, NULL, replay y conflictos
  ---
  duration_ms: 70.7449
  type: 'test'
  ...
# Subtest: ajuste negativo FEFO incluye vencidas, reparte y excluye deshabilitadas
ok 145 - ajuste negativo FEFO incluye vencidas, reparte y excluye deshabilitadas
  ---
  duration_ms: 175.0383
  type: 'test'
  ...
# Subtest: ajustes validan cantidad, motivo, clave, activación y aislamiento
ok 146 - ajustes validan cantidad, motivo, clave, activación y aislamiento
  ---
  duration_ms: 61.8718
  type: 'test'
  ...
# Subtest: V1 bloquea deshabilitar con stock y conserva partidas al deshabilitar saldo cero
ok 147 - V1 bloquea deshabilitar con stock y conserva partidas al deshabilitar saldo cero
  ---
  duration_ms: 38.6977
  type: 'test'
  ...
# Subtest: A/B/C: configured date, exact positive quantities, explicit compatible units and full/null expiry
ok 148 - A/B/C: configured date, exact positive quantities, explicit compatible units and full/null expiry
  ---
  duration_ms: 1107.9553
  type: 'test'
  ...
# Subtest: D/E/J: preview writes nothing; two products, exact quantity/date/actor, NULL expiry and no legacy double count
ok 149 - D/E/J: preview writes nothing; two products, exact quantity/date/actor, NULL expiry and no legacy double count
  ---
  duration_ms: 1359.8931
  type: 'test'
  ...
# Subtest: F: injected failure during second batch INSERT rolls back opening, first batch and first movement
ok 150 - F: injected failure during second batch INSERT rolls back opening, first batch and first movement
  ---
  duration_ms: 1588.9998
  type: 'test'
  ...
# Subtest: G/H/I: retry returns recorded result; changed payload conflicts; other key cannot open twice
ok 151 - G/H/I: retry returns recorded result; changed payload conflicts; other key cannot open twice
  ---
  duration_ms: 1459.1241
  type: 'test'
  ...
# Subtest: confirmation, preview freshness, V1 opt-in, effective permissions and tenant catalog are enforced
ok 152 - confirmation, preview freshness, V1 opt-in, effective permissions and tenant catalog are enforced
  ---
  duration_ms: 1119.015
  type: 'test'
  ...
# Subtest: existing receipts prevent initial opening; duplicate lines rejected; separate known expiries allowed
ok 153 - existing receipts prevent initial opening; duplicate lines rejected; separate known expiries allowed
  ---
  duration_ms: 1211.7526
  type: 'test'
  ...
# Subtest: K/L/M/N/P: opening → historical import without alerts → purchase → NORMAL Planning → audited adjustment
ok 154 - K/L/M/N/P: opening → historical import without alerts → purchase → NORMAL Planning → audited adjustment
  ---
  duration_ms: 1144.6447
  type: 'test'
  ...
# Subtest: O: movements, opening metadata, original batch and effective date cannot be rewritten; incomplete SQL opening rolls back
ok 155 - O: movements, opening metadata, original batch and effective date cannot be rewritten; incomplete SQL opening rolls back
  ---
  duration_ms: 1160.8053
  type: 'test'
  ...
# Error al crear registro de uso: Error: Producto no disponible en esta empresa.
#     at Object.fail (D:\\Proyectos\\Tesis\\growsync-backend\\services\\stock.js:9:55)
#     at validateUsageReferences (evalmachine.<anonymous>:543:36)
#     at async Object.createUsage (evalmachine.<anonymous>:355:20)
#     at async TestContext.<anonymous> (D:\\Proyectos\\Tesis\\growsync-backend\\tests\\stockPermissions.test.js:79:3)
#     at async Test.run (node:internal/test_runner/test:1054:7)
#     at async Test.processPendingSubtests (node:internal/test_runner/test:744:7) {
#   status: 404
# }
# Subtest: API exige fecha en purchase/return y deriva ajustes al endpoint con motivo
ok 156 - API exige fecha en purchase/return y deriva ajustes al endpoint con motivo
  ---
  duration_ms: 67.6801
  type: 'test'
  ...
# Subtest: includeDisabled interpreta false/0 y valida entradas inválidas
ok 157 - includeDisabled interpreta false/0 y valida entradas inválidas
  ---
  duration_ms: 2.5559
  type: 'test'
  ...
# Subtest: disabled list y enable restringen company_id y rechazan empresa ausente
ok 158 - disabled list y enable restringen company_id y rechazan empresa ausente
  ---
  duration_ms: 21.0773
  type: 'test'
  ...
# Subtest: listado general exige permiso extra y false textual sigue filtrando enabled
ok 159 - listado general exige permiso extra y false textual sigue filtrando enabled
  ---
  duration_ms: 66.5232
  type: 'test'
  ...
# Subtest: modelo activo rechaza saldo directo y toggle por edición
ok 160 - modelo activo rechaza saldo directo y toggle por edición
  ---
  duration_ms: 4.7596
  type: 'test'
  ...
# Subtest: rutas usan inventory.edit y permisos explícitos en servicios nuevos
ok 161 - rutas usan inventory.edit y permisos explícitos en servicios nuevos
  ---
  duration_ms: 63.852
  type: 'test'
  ...
# Subtest: Usage legacy valida producto/empresa antes de insertar
ok 162 - Usage legacy valida producto/empresa antes de insertar
  ---
  duration_ms: 22.8285
  type: 'test'
  ...
# Subtest: listado vacío informa flag booleano de la empresa sin exponer configuración
ok 163 - listado vacío informa flag booleano de la empresa sin exponer configuración
  ---
  duration_ms: 4.9112
  type: 'test'
  ...
# Subtest: crear identidad sin activar partidas admite metadatos y saldo inicial cero
ok 164 - crear identidad sin activar partidas admite metadatos y saldo inicial cero
  ---
  duration_ms: 4.1718
  type: 'test'
  ...
# Subtest: endpoints de historial e ingreso apagados no consultan ni escriben DB
ok 165 - endpoints de historial e ingreso apagados no consultan ni escriben DB
  ---
  duration_ms: 18.8116
  type: 'test'
  ...
# Subtest: endpoint de ajuste valida motivo y devuelve producto actualizado
ok 166 - endpoint de ajuste valida motivo y devuelve producto actualizado
  ---
  duration_ms: 14.3538
  type: 'test'
  ...
1..166
# tests 166
# suites 0
# pass 166
# fail 0
# cancelled 0
# skipped 0
# todo 0
# duration_ms 47566.0923
